// Jest Snapshot v1, https://goo.gl/fbAQLP

exports[`textMap should stay the same 1`] = `
{
  "large": {
    "WebkitTextSizeAdjust": "none",
    "font": "normal normal 400 2.25rem/calc(0.44118125rem + 2ex) 'Porsche Next','Arial Narrow',Arial,'Heiti SC',SimHei,sans-serif",
    "hyphens": "auto",
    "overflowWrap": "break-word",
    "textSizeAdjust": "none",
  },
  "medium": {
    "WebkitTextSizeAdjust": "none",
    "font": "normal normal 400 1.5rem/calc(0.44118125rem + 2ex) 'Porsche Next','Arial Narrow',Arial,'Heiti SC',SimHei,sans-serif",
    "hyphens": "auto",
    "overflowWrap": "break-word",
    "textSizeAdjust": "none",
  },
  "small": {
    "WebkitTextSizeAdjust": "none",
    "font": "normal normal 400 1rem/calc(0.44118125rem + 2ex) 'Porsche Next','Arial Narrow',Arial,'Heiti SC',SimHei,sans-serif",
    "hyphens": "auto",
    "overflowWrap": "break-word",
    "textSizeAdjust": "none",
  },
  "x-large": {
    "WebkitTextSizeAdjust": "none",
    "font": "normal normal 400 3.25rem/calc(0.44118125rem + 2ex) 'Porsche Next','Arial Narrow',Arial,'Heiti SC',SimHei,sans-serif",
    "hyphens": "auto",
    "overflowWrap": "break-word",
    "textSizeAdjust": "none",
  },
  "x-small": {
    "WebkitTextSizeAdjust": "none",
    "font": "normal normal 400 0.75rem/calc(0.44118125rem + 2ex) 'Porsche Next','Arial Narrow',Arial,'Heiti SC',SimHei,sans-serif",
    "hyphens": "auto",
    "overflowWrap": "break-word",
    "textSizeAdjust": "none",
  },
}
`;
