// Jest Snapshot v1, https://goo.gl/fbAQLP

exports[`getSpacingForWidth() should return correct spacing for width: basic 1`] = `
[
  "clamp(22px, 10.625vw - 12px, 192px)",
  {
    "s": "calc(clamp(22px, 10.625vw - 12px, 192px) + clamp(16px, 3.6vw, 36px) + calc((100% - clamp(22px, 10.625vw - 12px, 192px) * 2 - clamp(16px, 3.6vw, 36px) * 13) / 14))",
    "xxl": "calc(max(0px, (100% - 2560px) / 2) + clamp(192px, 50vw - 768px, 512px) + clamp(16px, 3.6vw, 36px) + calc((min(100%, 2560px) - clamp(192px, 50vw - 768px, 512px) * 2 - clamp(16px, 3.6vw, 36px) * 13) / 14))",
  },
]
`;

exports[`getSpacingForWidth() should return correct spacing for width: extended 1`] = `
[
  "clamp(22px, 10.625vw - 12px, 192px)",
  {
    "xxl": "calc(max(0px, (100% - 2560px) / 2) + clamp(192px, 50vw - 768px, 512px))",
  },
]
`;

exports[`getSpacingForWidth() should return correct spacing for width: narrow 1`] = `
[
  "clamp(22px, 10.625vw - 12px, 192px)",
  {
    "s": "calc(clamp(22px, 10.625vw - 12px, 192px) + clamp(16px, 3.6vw, 36px) * 3 + calc((100% - clamp(22px, 10.625vw - 12px, 192px) * 2 - clamp(16px, 3.6vw, 36px) * 13) / 14) * 3)",
    "xxl": "calc(max(0px, (100% - 2560px) / 2) + clamp(192px, 50vw - 768px, 512px) + clamp(16px, 3.6vw, 36px) * 3 + calc((min(100%, 2560px) - clamp(192px, 50vw - 768px, 512px) * 2 - clamp(16px, 3.6vw, 36px) * 13) / 14) * 3)",
  },
]
`;
