// Jest Snapshot v1, https://goo.gl/fbAQLP

exports[`should have no regression for dependency tree 1`] = `
{
  "border/border.js": [
    "border/borderRadius.js",
    "border/borderWidth.js",
  ],
  "border/borderRadius.js": [
    "border/borderRadiusLarge.js",
    "border/borderRadiusMedium.js",
    "border/borderRadiusSmall.js",
  ],
  "border/borderRadiusLarge.js": [],
  "border/borderRadiusMedium.js": [],
  "border/borderRadiusSmall.js": [],
  "border/borderWidth.js": [
    "border/borderWidthBase.js",
    "border/borderWidthThin.js",
  ],
  "border/borderWidthBase.js": [],
  "border/borderWidthThin.js": [],
  "dropShadow/dropShadowHighStyle.js": [
    "dropShadow/dropShadowShared.js",
  ],
  "dropShadow/dropShadowLowStyle.js": [
    "dropShadow/dropShadowShared.js",
  ],
  "dropShadow/dropShadowMediumStyle.js": [
    "dropShadow/dropShadowShared.js",
  ],
  "dropShadow/dropShadowShared.js": [],
  "focus/getFocusStyle.js": [
    "border/borderWidthBase.js",
    "theme/themeDarkStateFocus.js",
    "theme/themeLightStateFocus.js",
  ],
  "font/fontFamily.js": [],
  "font/fontHyphenationStyle.js": [],
  "font/fontLineHeight.js": [],
  "font/fontSize.js": [
    "font/fontSizeDisplay.js",
    "font/fontSizeHeading.js",
    "font/fontSizeText.js",
  ],
  "font/fontSizeDisplay.js": [
    "font/fontSizeDisplayLarge.js",
    "font/fontSizeDisplayMedium.js",
  ],
  "font/fontSizeDisplayLarge.js": [],
  "font/fontSizeDisplayMedium.js": [],
  "font/fontSizeHeading.js": [
    "font/fontSizeHeadingLarge.js",
    "font/fontSizeHeadingMedium.js",
    "font/fontSizeHeadingSmall.js",
    "font/fontSizeHeadingXLarge.js",
    "font/fontSizeHeadingXXLarge.js",
    "font/fontSizeHeadingXXXLarge.js",
  ],
  "font/fontSizeHeadingLarge.js": [
    "font/fontSizeTextLarge.js",
  ],
  "font/fontSizeHeadingMedium.js": [
    "font/fontSizeTextMedium.js",
  ],
  "font/fontSizeHeadingSmall.js": [
    "font/fontSizeTextSmall.js",
  ],
  "font/fontSizeHeadingXLarge.js": [
    "font/fontSizeTextXLarge.js",
  ],
  "font/fontSizeHeadingXXLarge.js": [],
  "font/fontSizeHeadingXXXLarge.js": [],
  "font/fontSizeText.js": [
    "font/fontSizeTextLarge.js",
    "font/fontSizeTextMedium.js",
    "font/fontSizeTextSmall.js",
    "font/fontSizeTextXLarge.js",
    "font/fontSizeTextXSmall.js",
  ],
  "font/fontSizeTextLarge.js": [],
  "font/fontSizeTextMedium.js": [],
  "font/fontSizeTextSmall.js": [],
  "font/fontSizeTextXLarge.js": [],
  "font/fontSizeTextXSmall.js": [],
  "font/fontStyle.js": [
    "font/fontStyleItalic.js",
    "font/fontStyleNormal.js",
  ],
  "font/fontStyleItalic.js": [],
  "font/fontStyleNormal.js": [],
  "font/fontVariant.js": [],
  "font/fontWeight.js": [
    "font/fontWeightBold.js",
    "font/fontWeightRegular.js",
    "font/fontWeightSemiBold.js",
  ],
  "font/fontWeightBold.js": [],
  "font/fontWeightRegular.js": [],
  "font/fontWeightSemiBold.js": [],
  "frostedGlass/frostedGlassStyle.js": [],
  "gradient/gradientBottomStyle.js": [
    "gradient/gradientShared.js",
  ],
  "gradient/gradientLeftStyle.js": [
    "gradient/gradientShared.js",
  ],
  "gradient/gradientRightStyle.js": [
    "gradient/gradientShared.js",
  ],
  "gradient/gradientShared.js": [],
  "gradient/gradientTopStyle.js": [
    "gradient/gradientShared.js",
  ],
  "grid/gridGap.js": [],
  "grid/gridSafeZone.js": [],
  "grid/gridStyle.js": [
    "grid/gridGap.js",
    "grid/gridSafeZone.js",
    "grid/gridWidth.js",
    "mediaQuery/getMediaQueryMin.js",
  ],
  "grid/gridWidth.js": [
    "grid/gridWidthMax.js",
    "grid/gridWidthMin.js",
  ],
  "grid/gridWidthMax.js": [],
  "grid/gridWidthMin.js": [],
  "index.js": [
    "border/border.js",
    "border/borderRadius.js",
    "border/borderRadiusLarge.js",
    "border/borderRadiusMedium.js",
    "border/borderRadiusSmall.js",
    "border/borderWidth.js",
    "border/borderWidthBase.js",
    "border/borderWidthThin.js",
    "dropShadow/dropShadowHighStyle.js",
    "dropShadow/dropShadowLowStyle.js",
    "dropShadow/dropShadowMediumStyle.js",
    "focus/getFocusStyle.js",
    "font/fontFamily.js",
    "font/fontHyphenationStyle.js",
    "font/fontLineHeight.js",
    "font/fontSize.js",
    "font/fontSizeDisplay.js",
    "font/fontSizeDisplayLarge.js",
    "font/fontSizeDisplayMedium.js",
    "font/fontSizeHeading.js",
    "font/fontSizeHeadingLarge.js",
    "font/fontSizeHeadingMedium.js",
    "font/fontSizeHeadingSmall.js",
    "font/fontSizeHeadingXLarge.js",
    "font/fontSizeHeadingXXLarge.js",
    "font/fontSizeHeadingXXXLarge.js",
    "font/fontSizeText.js",
    "font/fontSizeTextLarge.js",
    "font/fontSizeTextMedium.js",
    "font/fontSizeTextSmall.js",
    "font/fontSizeTextXLarge.js",
    "font/fontSizeTextXSmall.js",
    "font/fontStyle.js",
    "font/fontStyleItalic.js",
    "font/fontStyleNormal.js",
    "font/fontVariant.js",
    "font/fontWeight.js",
    "font/fontWeightBold.js",
    "font/fontWeightRegular.js",
    "font/fontWeightSemiBold.js",
    "frostedGlass/frostedGlassStyle.js",
    "gradient/gradientBottomStyle.js",
    "gradient/gradientLeftStyle.js",
    "gradient/gradientRightStyle.js",
    "gradient/gradientTopStyle.js",
    "grid/gridGap.js",
    "grid/gridSafeZone.js",
    "grid/gridStyle.js",
    "grid/gridWidth.js",
    "grid/gridWidthMax.js",
    "grid/gridWidthMin.js",
    "mediaQuery/breakpoint.js",
    "mediaQuery/breakpointBase.js",
    "mediaQuery/breakpointL.js",
    "mediaQuery/breakpointM.js",
    "mediaQuery/breakpointS.js",
    "mediaQuery/breakpointXL.js",
    "mediaQuery/breakpointXS.js",
    "mediaQuery/breakpointXXL.js",
    "mediaQuery/getMediaQueryMax.js",
    "mediaQuery/getMediaQueryMin.js",
    "mediaQuery/getMediaQueryMinMax.js",
    "spacing/spacing.js",
    "spacing/spacingFluid.js",
    "spacing/spacingFluidLarge.js",
    "spacing/spacingFluidMedium.js",
    "spacing/spacingFluidSmall.js",
    "spacing/spacingFluidXLarge.js",
    "spacing/spacingFluidXSmall.js",
    "spacing/spacingStatic.js",
    "spacing/spacingStaticLarge.js",
    "spacing/spacingStaticMedium.js",
    "spacing/spacingStaticSmall.js",
    "spacing/spacingStaticXLarge.js",
    "spacing/spacingStaticXSmall.js",
    "spacing/spacingStaticXXLarge.js",
    "theme/theme.js",
    "theme/themeDark.js",
    "theme/themeDarkBackgroundBase.js",
    "theme/themeDarkBackgroundShading.js",
    "theme/themeDarkBackgroundSurface.js",
    "theme/themeDarkContrastHigh.js",
    "theme/themeDarkContrastLow.js",
    "theme/themeDarkContrastMedium.js",
    "theme/themeDarkNotificationError.js",
    "theme/themeDarkNotificationErrorSoft.js",
    "theme/themeDarkNotificationInfo.js",
    "theme/themeDarkNotificationInfoSoft.js",
    "theme/themeDarkNotificationSuccess.js",
    "theme/themeDarkNotificationSuccessSoft.js",
    "theme/themeDarkNotificationWarning.js",
    "theme/themeDarkNotificationWarningSoft.js",
    "theme/themeDarkPrimary.js",
    "theme/themeDarkStateActive.js",
    "theme/themeDarkStateDisabled.js",
    "theme/themeDarkStateFocus.js",
    "theme/themeDarkStateHover.js",
    "theme/themeLight.js",
    "theme/themeLightBackgroundBase.js",
    "theme/themeLightBackgroundShading.js",
    "theme/themeLightBackgroundSurface.js",
    "theme/themeLightContrastHigh.js",
    "theme/themeLightContrastLow.js",
    "theme/themeLightContrastMedium.js",
    "theme/themeLightNotificationError.js",
    "theme/themeLightNotificationErrorSoft.js",
    "theme/themeLightNotificationInfo.js",
    "theme/themeLightNotificationInfoSoft.js",
    "theme/themeLightNotificationSuccess.js",
    "theme/themeLightNotificationSuccessSoft.js",
    "theme/themeLightNotificationWarning.js",
    "theme/themeLightNotificationWarningSoft.js",
    "theme/themeLightPrimary.js",
    "theme/themeLightStateActive.js",
    "theme/themeLightStateDisabled.js",
    "theme/themeLightStateFocus.js",
    "theme/themeLightStateHover.js",
    "typography/display/displayLargeStyle.js",
    "typography/display/displayMediumStyle.js",
    "typography/heading/headingLargeStyle.js",
    "typography/heading/headingMediumStyle.js",
    "typography/heading/headingSmallStyle.js",
    "typography/heading/headingXLargeStyle.js",
    "typography/heading/headingXXLargeStyle.js",
    "typography/heading/headingXXXLargeStyle.js",
    "typography/text/textLargeStyle.js",
    "typography/text/textMediumStyle.js",
    "typography/text/textSmallStyle.js",
    "typography/text/textXLargeStyle.js",
    "typography/text/textXSmallStyle.js",
  ],
  "mediaQuery/breakpoint.js": [
    "mediaQuery/breakpointBase.js",
    "mediaQuery/breakpointL.js",
    "mediaQuery/breakpointM.js",
    "mediaQuery/breakpointS.js",
    "mediaQuery/breakpointXL.js",
    "mediaQuery/breakpointXS.js",
    "mediaQuery/breakpointXXL.js",
  ],
  "mediaQuery/breakpointBase.js": [],
  "mediaQuery/breakpointL.js": [],
  "mediaQuery/breakpointM.js": [],
  "mediaQuery/breakpointS.js": [],
  "mediaQuery/breakpointXL.js": [],
  "mediaQuery/breakpointXS.js": [],
  "mediaQuery/breakpointXXL.js": [],
  "mediaQuery/getMediaQueryMax.js": [
    "mediaQuery/breakpoint.js",
  ],
  "mediaQuery/getMediaQueryMin.js": [
    "mediaQuery/breakpoint.js",
  ],
  "mediaQuery/getMediaQueryMinMax.js": [
    "mediaQuery/breakpoint.js",
  ],
  "spacing/spacing.js": [
    "spacing/spacingFluid.js",
    "spacing/spacingStatic.js",
  ],
  "spacing/spacingFluid.js": [
    "spacing/spacingFluidLarge.js",
    "spacing/spacingFluidMedium.js",
    "spacing/spacingFluidSmall.js",
    "spacing/spacingFluidXLarge.js",
    "spacing/spacingFluidXSmall.js",
  ],
  "spacing/spacingFluidLarge.js": [],
  "spacing/spacingFluidMedium.js": [],
  "spacing/spacingFluidSmall.js": [],
  "spacing/spacingFluidXLarge.js": [],
  "spacing/spacingFluidXSmall.js": [],
  "spacing/spacingStatic.js": [
    "spacing/spacingStaticLarge.js",
    "spacing/spacingStaticMedium.js",
    "spacing/spacingStaticSmall.js",
    "spacing/spacingStaticXLarge.js",
    "spacing/spacingStaticXSmall.js",
    "spacing/spacingStaticXXLarge.js",
  ],
  "spacing/spacingStaticLarge.js": [],
  "spacing/spacingStaticMedium.js": [],
  "spacing/spacingStaticSmall.js": [],
  "spacing/spacingStaticXLarge.js": [],
  "spacing/spacingStaticXSmall.js": [],
  "spacing/spacingStaticXXLarge.js": [],
  "theme/theme.js": [
    "theme/themeDark.js",
    "theme/themeLight.js",
  ],
  "theme/themeDark.js": [
    "theme/themeDarkBackgroundBase.js",
    "theme/themeDarkBackgroundShading.js",
    "theme/themeDarkBackgroundSurface.js",
    "theme/themeDarkContrastHigh.js",
    "theme/themeDarkContrastLow.js",
    "theme/themeDarkContrastMedium.js",
    "theme/themeDarkNotificationError.js",
    "theme/themeDarkNotificationErrorSoft.js",
    "theme/themeDarkNotificationInfo.js",
    "theme/themeDarkNotificationInfoSoft.js",
    "theme/themeDarkNotificationSuccess.js",
    "theme/themeDarkNotificationSuccessSoft.js",
    "theme/themeDarkNotificationWarning.js",
    "theme/themeDarkNotificationWarningSoft.js",
    "theme/themeDarkPrimary.js",
    "theme/themeDarkStateActive.js",
    "theme/themeDarkStateDisabled.js",
    "theme/themeDarkStateFocus.js",
    "theme/themeDarkStateHover.js",
  ],
  "theme/themeDarkBackgroundBase.js": [],
  "theme/themeDarkBackgroundShading.js": [],
  "theme/themeDarkBackgroundSurface.js": [],
  "theme/themeDarkContrastHigh.js": [],
  "theme/themeDarkContrastLow.js": [],
  "theme/themeDarkContrastMedium.js": [],
  "theme/themeDarkNotificationError.js": [],
  "theme/themeDarkNotificationErrorSoft.js": [],
  "theme/themeDarkNotificationInfo.js": [],
  "theme/themeDarkNotificationInfoSoft.js": [],
  "theme/themeDarkNotificationSuccess.js": [],
  "theme/themeDarkNotificationSuccessSoft.js": [],
  "theme/themeDarkNotificationWarning.js": [],
  "theme/themeDarkNotificationWarningSoft.js": [],
  "theme/themeDarkPrimary.js": [],
  "theme/themeDarkStateActive.js": [],
  "theme/themeDarkStateDisabled.js": [],
  "theme/themeDarkStateFocus.js": [],
  "theme/themeDarkStateHover.js": [],
  "theme/themeLight.js": [
    "theme/themeLightBackgroundBase.js",
    "theme/themeLightBackgroundShading.js",
    "theme/themeLightBackgroundSurface.js",
    "theme/themeLightContrastHigh.js",
    "theme/themeLightContrastLow.js",
    "theme/themeLightContrastMedium.js",
    "theme/themeLightNotificationError.js",
    "theme/themeLightNotificationErrorSoft.js",
    "theme/themeLightNotificationInfo.js",
    "theme/themeLightNotificationInfoSoft.js",
    "theme/themeLightNotificationSuccess.js",
    "theme/themeLightNotificationSuccessSoft.js",
    "theme/themeLightNotificationWarning.js",
    "theme/themeLightNotificationWarningSoft.js",
    "theme/themeLightPrimary.js",
    "theme/themeLightStateActive.js",
    "theme/themeLightStateDisabled.js",
    "theme/themeLightStateFocus.js",
    "theme/themeLightStateHover.js",
  ],
  "theme/themeLightBackgroundBase.js": [],
  "theme/themeLightBackgroundShading.js": [],
  "theme/themeLightBackgroundSurface.js": [],
  "theme/themeLightContrastHigh.js": [],
  "theme/themeLightContrastLow.js": [],
  "theme/themeLightContrastMedium.js": [],
  "theme/themeLightNotificationError.js": [],
  "theme/themeLightNotificationErrorSoft.js": [],
  "theme/themeLightNotificationInfo.js": [],
  "theme/themeLightNotificationInfoSoft.js": [],
  "theme/themeLightNotificationSuccess.js": [],
  "theme/themeLightNotificationSuccessSoft.js": [],
  "theme/themeLightNotificationWarning.js": [],
  "theme/themeLightNotificationWarningSoft.js": [],
  "theme/themeLightPrimary.js": [],
  "theme/themeLightStateActive.js": [],
  "theme/themeLightStateDisabled.js": [],
  "theme/themeLightStateFocus.js": [],
  "theme/themeLightStateHover.js": [],
  "typography/display/displayLargeStyle.js": [
    "font/fontSizeDisplayLarge.js",
    "typography/display/displayShared.js",
  ],
  "typography/display/displayMediumStyle.js": [
    "font/fontSizeDisplayMedium.js",
    "typography/display/displayShared.js",
  ],
  "typography/display/displayShared.js": [
    "font/fontFamily.js",
    "font/fontLineHeight.js",
    "font/fontStyleItalic.js",
    "font/fontVariant.js",
    "font/fontWeightSemiBold.js",
  ],
  "typography/heading/headingLargeStyle.js": [
    "font/fontSizeHeadingLarge.js",
    "typography/heading/headingShared.js",
  ],
  "typography/heading/headingMediumStyle.js": [
    "font/fontSizeHeadingMedium.js",
    "typography/heading/headingShared.js",
  ],
  "typography/heading/headingShared.js": [
    "font/fontFamily.js",
    "font/fontLineHeight.js",
    "font/fontStyleNormal.js",
    "font/fontVariant.js",
    "font/fontWeightSemiBold.js",
  ],
  "typography/heading/headingSmallStyle.js": [
    "font/fontSizeHeadingSmall.js",
    "typography/heading/headingShared.js",
  ],
  "typography/heading/headingXLargeStyle.js": [
    "font/fontSizeHeadingXLarge.js",
    "typography/heading/headingShared.js",
  ],
  "typography/heading/headingXXLargeStyle.js": [
    "font/fontSizeHeadingXXLarge.js",
    "typography/heading/headingShared.js",
  ],
  "typography/heading/headingXXXLargeStyle.js": [
    "font/fontSizeHeadingXXXLarge.js",
    "typography/heading/headingShared.js",
  ],
  "typography/text/textLargeStyle.js": [
    "font/fontHyphenationStyle.js",
    "font/fontSizeTextLarge.js",
    "typography/text/textShared.js",
  ],
  "typography/text/textMediumStyle.js": [
    "font/fontHyphenationStyle.js",
    "font/fontSizeTextMedium.js",
    "typography/text/textShared.js",
  ],
  "typography/text/textShared.js": [
    "font/fontFamily.js",
    "font/fontLineHeight.js",
    "font/fontStyleNormal.js",
    "font/fontVariant.js",
    "font/fontWeightRegular.js",
  ],
  "typography/text/textSmallStyle.js": [
    "font/fontHyphenationStyle.js",
    "font/fontSizeTextSmall.js",
    "typography/text/textShared.js",
  ],
  "typography/text/textXLargeStyle.js": [
    "font/fontHyphenationStyle.js",
    "font/fontSizeTextXLarge.js",
    "typography/text/textShared.js",
  ],
  "typography/text/textXSmallStyle.js": [
    "font/fontHyphenationStyle.js",
    "font/fontSizeTextXSmall.js",
    "typography/text/textShared.js",
  ],
}
`;
