// Jest Snapshot v1, https://goo.gl/fbAQLP

exports[`format: html should return normalize styles 1`] = `"<style data-pds-normalize-styles>html{font-family:'Porsche Next','Arial Narrow',Arial,'Heiti SC',SimHei,sans-serif;line-height:1.15;text-size-adjust:none;-webkit-text-size-adjust:none}body{margin:0}article, aside, footer, header, nav, section, figcaption, figure, main{display:block}h1{font-size:2em;margin:0.67em 0}hr{box-sizing:content-box;height:0;overflow:visible}pre{font-family:monospace, monospace;font-size:1em}a{background:transparent;text-decoration-skip:objects;color:inherit;text-decoration:underline}a:active, a:hover{outline-width:0}abbr[title]{border-bottom:none;text-decoration:underline}b, strong{font-weight:700}code, kbp, samp{font-family:monospace, monospace;font-size:1em}dfn{font-style:italic}mark{background-color:#ff0;color:#000}small{font-size:80%}sub, sup{font-size:75%;line-height:0;position:relative;vertical-align:baseline}sup{top:-0.5em}sub{bottom:-0.25em}audio, video{display:inline-block}audio:not([controls]){display:none;height:0}img{border-style:none;vertical-align:middle}svg:not(:root){overflow:hidden}button, input, optgroup, select, textarea{font-family:'Porsche Next','Arial Narrow',Arial,'Heiti SC',SimHei,sans-serif;font-size:1rem;line-height:calc(6px + 2.125ex);margin:0;text-size-adjust:none;-webkit-text-size-adjust:none;font-weight:400;font-style:normal;font-variant:normal;overflow-wrap:break-word;hyphens:auto}button, input{overflow:visible}button, select{text-transform:none}button, [type=reset], [type=submit]{-webkit-appearance:button}button::-moz-focus-inner, [type=button]::-moz-focus-inner, [type=reset]::-moz-focus-inner, [type=submit]::-moz-focus-inner{border-style:none;padding:0}button:-moz-focusring, [type=button]:-moz-focusring, [type=reset]:-moz-focusring, [type=submit]:-moz-focusring{outline:1px dotted ButtonText}fieldset{border:1px solid #c0c0c0;margin:0 2px;padding:0.35em 0.625em 0.75em}legend{box-sizing:border-box;color:inherit;display:table;max-width:100%;padding:0;white-space:normal}progress{display:inline-block;vertical-align:baseline}textarea{overflow:auto}[type=checkbox], [type=radio]{box-sizing:border-box;padding:0}[type=number]::-webkit-inner-spin-button, [type=number]::-webkit-outer-spin-button{height:auto}[type=search]{appearance:textfield;outline-offset:-2px}[type=search]::-webkit-search-cancel-button, [type=search]::-webkit-search-decoration{appearance:none}::-webkit-file-upload-button{appearance:button;font:inherit}details, menu{display:block}summary{display:list-item}canvas{display:inline-block}template{display:none}[hidden]{display:none}em, i{font-style:normal}a, button, input, select, textarea{outline:1px solid transparent;outline-offset:1px}a::-moz-focus-inner{border:0}a:focus{outline-color:currentColor}a:focus:not(:focus-visible){outline-color:transparent}button::-moz-focus-inner{border:0}button:focus{outline-color:currentColor}button:focus:not(:focus-visible){outline-color:transparent}input::-moz-focus-inner{border:0}input:focus{outline-color:currentColor}input:focus:not(:focus-visible){outline-color:transparent}select::-moz-focus-inner{border:0}select:focus{outline-color:currentColor}select:focus:not(:focus-visible){outline-color:transparent}textarea::-moz-focus-inner{border:0}textarea:focus{outline-color:currentColor}textarea:focus:not(:focus-visible){outline-color:transparent}@media(hover:hover){a{transition:color var(--p-transition-duration, .24s) ease}a:hover{color:#ff0223}}</style>"`;

exports[`format: jsx should return normalize styles 1`] = `"<style data-pds-normalize-styles="">html{font-family:'Porsche Next','Arial Narrow',Arial,'Heiti SC',SimHei,sans-serif;line-height:1.15;text-size-adjust:none;-webkit-text-size-adjust:none}body{margin:0}article, aside, footer, header, nav, section, figcaption, figure, main{display:block}h1{font-size:2em;margin:0.67em 0}hr{box-sizing:content-box;height:0;overflow:visible}pre{font-family:monospace, monospace;font-size:1em}a{background:transparent;text-decoration-skip:objects;color:inherit;text-decoration:underline}a:active, a:hover{outline-width:0}abbr[title]{border-bottom:none;text-decoration:underline}b, strong{font-weight:700}code, kbp, samp{font-family:monospace, monospace;font-size:1em}dfn{font-style:italic}mark{background-color:#ff0;color:#000}small{font-size:80%}sub, sup{font-size:75%;line-height:0;position:relative;vertical-align:baseline}sup{top:-0.5em}sub{bottom:-0.25em}audio, video{display:inline-block}audio:not([controls]){display:none;height:0}img{border-style:none;vertical-align:middle}svg:not(:root){overflow:hidden}button, input, optgroup, select, textarea{font-family:'Porsche Next','Arial Narrow',Arial,'Heiti SC',SimHei,sans-serif;font-size:1rem;line-height:calc(6px + 2.125ex);margin:0;text-size-adjust:none;-webkit-text-size-adjust:none;font-weight:400;font-style:normal;font-variant:normal;overflow-wrap:break-word;hyphens:auto}button, input{overflow:visible}button, select{text-transform:none}button, [type=reset], [type=submit]{-webkit-appearance:button}button::-moz-focus-inner, [type=button]::-moz-focus-inner, [type=reset]::-moz-focus-inner, [type=submit]::-moz-focus-inner{border-style:none;padding:0}button:-moz-focusring, [type=button]:-moz-focusring, [type=reset]:-moz-focusring, [type=submit]:-moz-focusring{outline:1px dotted ButtonText}fieldset{border:1px solid #c0c0c0;margin:0 2px;padding:0.35em 0.625em 0.75em}legend{box-sizing:border-box;color:inherit;display:table;max-width:100%;padding:0;white-space:normal}progress{display:inline-block;vertical-align:baseline}textarea{overflow:auto}[type=checkbox], [type=radio]{box-sizing:border-box;padding:0}[type=number]::-webkit-inner-spin-button, [type=number]::-webkit-outer-spin-button{height:auto}[type=search]{appearance:textfield;outline-offset:-2px}[type=search]::-webkit-search-cancel-button, [type=search]::-webkit-search-decoration{appearance:none}::-webkit-file-upload-button{appearance:button;font:inherit}details, menu{display:block}summary{display:list-item}canvas{display:inline-block}template{display:none}[hidden]{display:none}em, i{font-style:normal}a, button, input, select, textarea{outline:1px solid transparent;outline-offset:1px}a::-moz-focus-inner{border:0}a:focus{outline-color:currentColor}a:focus:not(:focus-visible){outline-color:transparent}button::-moz-focus-inner{border:0}button:focus{outline-color:currentColor}button:focus:not(:focus-visible){outline-color:transparent}input::-moz-focus-inner{border:0}input:focus{outline-color:currentColor}input:focus:not(:focus-visible){outline-color:transparent}select::-moz-focus-inner{border:0}select:focus{outline-color:currentColor}select:focus:not(:focus-visible){outline-color:transparent}textarea::-moz-focus-inner{border:0}textarea:focus{outline-color:currentColor}textarea:focus:not(:focus-visible){outline-color:transparent}@media(hover:hover){a{transition:color var(--p-transition-duration, .24s) ease}a:hover{color:#ff0223}}</style>"`;
