// Jest Snapshot v1, https://goo.gl/fbAQLP

exports[`should contain correct content for auto generated file ./src/scss/lib/_border.scss 1`] = `
"$pds-border-radius-small: 4px;
$pds-border-radius-medium: 8px;
$pds-border-radius-large: 16px;
$pds-border-width-base: 2px;
$pds-border-width-thin: 1px;
"
`;

exports[`should contain correct content for auto generated file ./src/scss/lib/_breakpoint.scss 1`] = `
"$pds-breakpoint-base: 0px;
$pds-breakpoint-xs: 480px;
$pds-breakpoint-s: 760px;
$pds-breakpoint-m: 1000px;
$pds-breakpoint-l: 1300px;
$pds-breakpoint-xl: 1760px;
$pds-breakpoint-xxl: 1920px;
"
`;

exports[`should contain correct content for auto generated file ./src/scss/lib/_display.scss 1`] = `
"@mixin pds-display-medium {
  font: italic normal 600 clamp(2.07rem, 3.32vw + 1.41rem, 5.06rem)/calc(6px + 2.125ex) "Porsche Next", "Arial Narrow",
    Arial, "Heiti SC", SimHei, sans-serif;
}

@mixin pds-display-large {
  font: italic normal 600 clamp(2.49rem, 5.67vw + 1.35rem, 7.59rem)/calc(6px + 2.125ex) "Porsche Next", "Arial Narrow",
    Arial, "Heiti SC", SimHei, sans-serif;
}
"
`;

exports[`should contain correct content for auto generated file ./src/scss/lib/_drop-shadow.scss 1`] = `
"@mixin pds-drop-shadow-low {
  filter: drop-shadow(0px 3px 8px rgba(0, 0, 0, 0.16));
}

@mixin pds-drop-shadow-medium {
  filter: drop-shadow(0px 4px 16px rgba(0, 0, 0, 0.16));
}

@mixin pds-drop-shadow-high {
  filter: drop-shadow(0px 8px 40px rgba(0, 0, 0, 0.16));
}
"
`;

exports[`should contain correct content for auto generated file ./src/scss/lib/_font.scss 1`] = `
"$pds-font-family: "Porsche Next", "Arial Narrow", Arial, "Heiti SC", SimHei, sans-serif;
$pds-font-hyphenation-style-overflow-wrap: break-word;
$pds-font-hyphenation-style-hyphens: auto;
$pds-font-line-height: calc(6px + 2.125ex);
$pds-font-size-text-x-small: 0.875rem;
$pds-font-size-text-small: 1rem;
$pds-font-size-text-medium: clamp(1.2rem, 0.12vw + 1.18rem, 1.31rem);
$pds-font-size-text-large: clamp(1.44rem, 0.3vw + 1.38rem, 1.71rem);
$pds-font-size-text-x-large: clamp(1.73rem, 0.57vw + 1.61rem, 2.24rem);
$pds-font-size-heading-small: 1rem;
$pds-font-size-heading-medium: clamp(1.2rem, 0.12vw + 1.18rem, 1.31rem);
$pds-font-size-heading-large: clamp(1.44rem, 0.3vw + 1.38rem, 1.71rem);
$pds-font-size-heading-x-large: clamp(1.73rem, 0.57vw + 1.61rem, 2.24rem);
$pds-font-size-heading-xx-large: clamp(2.07rem, 0.96vw + 1.88rem, 2.94rem);
$pds-font-size-heading-xxx-large: clamp(2.49rem, 1.51vw + 2.19rem, 3.84rem);
$pds-font-size-display-medium: clamp(2.07rem, 3.32vw + 1.41rem, 5.06rem);
$pds-font-size-display-large: clamp(2.49rem, 5.67vw + 1.35rem, 7.59rem);
$pds-font-weight-regular: 400;
$pds-font-weight-semi-bold: 600;
$pds-font-weight-bold: 700;
$pds-font-style-normal: normal;
$pds-font-style-italic: italic;
$pds-font-variant: normal;
"
`;

exports[`should contain correct content for auto generated file ./src/scss/lib/_frosted-glass.scss 1`] = `
"@mixin pds-frosted-glass-high {
  backdrop-filter: blur(16px);
  background-color: rgba(14, 14, 18, 0.8);
  -webkit-backdrop-filter: blur(16px);
}

@mixin pds-frosted-glass-medium {
  backdrop-filter: blur(8px);
  background-color: rgba(14, 14, 18, 0.8);
  -webkit-backdrop-filter: blur(8px);
}
"
`;

exports[`should contain correct content for auto generated file ./src/scss/lib/_gradient.scss 1`] = `
"@mixin pds-gradient-bottom {
  background-color: linear-gradient(
    to bottom,
    rgba(31, 31, 31, 0.9) 0%,
    rgba(31, 31, 31, 0.9) 20%,
    rgba(31, 31, 31, 0.852589) 26.67%,
    rgba(32, 32, 32, 0.768225) 33.33%,
    rgba(33, 33, 33, 0.668116) 40%,
    rgba(34, 34, 34, 0.557309) 46.67%,
    rgba(35, 35, 35, 0.442691) 53.33%,
    rgba(36, 36, 36, 0.331884) 60%,
    rgba(37, 37, 37, 0.231775) 66.67%,
    rgba(38, 38, 38, 0.147411) 73.33%,
    rgba(39, 39, 39, 0.0816599) 80%,
    rgba(39, 39, 39, 0.03551) 86.67%,
    rgba(39, 39, 39, 0.0086472) 93.33%,
    rgba(39, 39, 39, 0) 100%
  );
}

@mixin pds-gradient-left {
  background-color: linear-gradient(
    to left,
    rgba(31, 31, 31, 0.9) 0%,
    rgba(31, 31, 31, 0.9) 20%,
    rgba(31, 31, 31, 0.852589) 26.67%,
    rgba(32, 32, 32, 0.768225) 33.33%,
    rgba(33, 33, 33, 0.668116) 40%,
    rgba(34, 34, 34, 0.557309) 46.67%,
    rgba(35, 35, 35, 0.442691) 53.33%,
    rgba(36, 36, 36, 0.331884) 60%,
    rgba(37, 37, 37, 0.231775) 66.67%,
    rgba(38, 38, 38, 0.147411) 73.33%,
    rgba(39, 39, 39, 0.0816599) 80%,
    rgba(39, 39, 39, 0.03551) 86.67%,
    rgba(39, 39, 39, 0.0086472) 93.33%,
    rgba(39, 39, 39, 0) 100%
  );
}

@mixin pds-gradient-right {
  background-color: linear-gradient(
    to right,
    rgba(31, 31, 31, 0.9) 0%,
    rgba(31, 31, 31, 0.9) 20%,
    rgba(31, 31, 31, 0.852589) 26.67%,
    rgba(32, 32, 32, 0.768225) 33.33%,
    rgba(33, 33, 33, 0.668116) 40%,
    rgba(34, 34, 34, 0.557309) 46.67%,
    rgba(35, 35, 35, 0.442691) 53.33%,
    rgba(36, 36, 36, 0.331884) 60%,
    rgba(37, 37, 37, 0.231775) 66.67%,
    rgba(38, 38, 38, 0.147411) 73.33%,
    rgba(39, 39, 39, 0.0816599) 80%,
    rgba(39, 39, 39, 0.03551) 86.67%,
    rgba(39, 39, 39, 0.0086472) 93.33%,
    rgba(39, 39, 39, 0) 100%
  );
}

@mixin pds-gradient-top {
  background-color: linear-gradient(
    to top,
    rgba(31, 31, 31, 0.9) 0%,
    rgba(31, 31, 31, 0.9) 20%,
    rgba(31, 31, 31, 0.852589) 26.67%,
    rgba(32, 32, 32, 0.768225) 33.33%,
    rgba(33, 33, 33, 0.668116) 40%,
    rgba(34, 34, 34, 0.557309) 46.67%,
    rgba(35, 35, 35, 0.442691) 53.33%,
    rgba(36, 36, 36, 0.331884) 60%,
    rgba(37, 37, 37, 0.231775) 66.67%,
    rgba(38, 38, 38, 0.147411) 73.33%,
    rgba(39, 39, 39, 0.0816599) 80%,
    rgba(39, 39, 39, 0.03551) 86.67%,
    rgba(39, 39, 39, 0.0086472) 93.33%,
    rgba(39, 39, 39, 0) 100%
  );
}
"
`;

exports[`should contain correct content for auto generated file ./src/scss/lib/_grid.scss 1`] = `
"@mixin pds-grid {
  margin: 0;
  display: grid;
  padding: 0 calc((100% - 1920px)/2);
  grid-gap: clamp(16px, 3.6vw, 36px);
  max-width: 1920px;
  min-width: 320px;
  box-sizing: content-box;
  grid-template-columns:
    [fluid-start] minmax(0, calc(clamp(22px, 10.625vw - 12px, 192px) - clamp(16px, 3.6vw, 36px)))
    [extended-start basic-start] repeat(6, minmax(0, 1fr)) [basic-end extended-end]
    minmax(0, calc(clamp(22px, 10.625vw - 12px, 192px) - clamp(16px, 3.6vw, 36px))) [fluid-end];
  --pds-grid-span-one-half: span 3;
  --pds-grid-span-one-third: span 2;
  --pds-grid-span-two-thirds: span 4;
  --pds-grid-span-one-quarter: span 1;
  --pds-grid-span-three-quarters: span 5;

  @media (min-width: 760px) {
    grid-template-columns:
      [fluid-start] minmax(0, calc(clamp(22px, 10.625vw - 12px, 192px) - clamp(16px, 3.6vw, 36px)))
      [extended-start] minmax(0, 1fr)
      [basic-start] repeat(12, minmax(0, 1fr)) [basic-end]
      minmax(0, 1fr) [extended-end]
      minmax(0, calc(clamp(22px, 10.625vw - 12px, 192px) - clamp(16px, 3.6vw, 36px))) [fluid-end];
    --pds-grid-span-one-half: span 6;
    --pds-grid-span-one-third: span 4;
    --pds-grid-span-two-thirds: span 8;
    --pds-grid-span-one-quarter: span 3;
    --pds-grid-span-three-quarters: span 9;
  }
}
"
`;

exports[`should contain correct content for auto generated file ./src/scss/lib/_grid-gap.scss 1`] = `
"$pds-grid-gap: clamp(16px, 3.6vw, 36px);
"
`;

exports[`should contain correct content for auto generated file ./src/scss/lib/_grid-safe-zone.scss 1`] = `
"$pds-grid-safe-zone: clamp(22px, 10.625vw - 12px, 192px);
"
`;

exports[`should contain correct content for auto generated file ./src/scss/lib/_grid-width.scss 1`] = `
"$pds-grid-width-min: 320px;
$pds-grid-width-max: 1920px;
"
`;

exports[`should contain correct content for auto generated file ./src/scss/lib/_heading.scss 1`] = `
"@mixin pds-heading-small {
  font: normal normal 600 1rem/calc(6px + 2.125ex) "Porsche Next", "Arial Narrow", Arial, "Heiti SC", SimHei,
    sans-serif;
}

@mixin pds-heading-medium {
  font: normal normal 600 clamp(1.2rem, 0.12vw + 1.18rem, 1.31rem)/calc(6px + 2.125ex) "Porsche Next", "Arial Narrow",
    Arial, "Heiti SC", SimHei, sans-serif;
}

@mixin pds-heading-large {
  font: normal normal 600 clamp(1.44rem, 0.3vw + 1.38rem, 1.71rem)/calc(6px + 2.125ex) "Porsche Next", "Arial Narrow",
    Arial, "Heiti SC", SimHei, sans-serif;
}

@mixin pds-heading-x-large {
  font: normal normal 600 clamp(1.73rem, 0.57vw + 1.61rem, 2.24rem)/calc(6px + 2.125ex) "Porsche Next", "Arial Narrow",
    Arial, "Heiti SC", SimHei, sans-serif;
}

@mixin pds-heading-xx-large {
  font: normal normal 600 clamp(2.07rem, 0.96vw + 1.88rem, 2.94rem)/calc(6px + 2.125ex) "Porsche Next", "Arial Narrow",
    Arial, "Heiti SC", SimHei, sans-serif;
}

@mixin pds-heading-xxx-large {
  font: normal normal 600 clamp(2.49rem, 1.51vw + 2.19rem, 3.84rem)/calc(6px + 2.125ex) "Porsche Next", "Arial Narrow",
    Arial, "Heiti SC", SimHei, sans-serif;
}
"
`;

exports[`should contain correct content for auto generated file ./src/scss/lib/_spacing.scss 1`] = `
"$pds-spacing-static-x-small: 4px;
$pds-spacing-static-small: 8px;
$pds-spacing-static-medium: 16px;
$pds-spacing-static-large: 32px;
$pds-spacing-static-x-large: 48px;
$pds-spacing-static-xx-large: 80px;
$pds-spacing-fluid-x-small: clamp(0.25rem, 0.28vw + 0.19rem, 0.5rem);
$pds-spacing-fluid-small: 0.75rem;
$pds-spacing-fluid-medium: clamp(2rem, 0.56vw + 1.89rem, 2.5rem);
$pds-spacing-fluid-large: clamp(3.5rem, 2.22vw + 3.06rem, 5.5rem);
$pds-spacing-fluid-x-large: clamp(4rem, 10vw + 2rem, 13rem);
"
`;

exports[`should contain correct content for auto generated file ./src/scss/lib/_text.scss 1`] = `
"@mixin pds-text-x-small {
  font: normal normal 400 0.875rem/calc(6px + 2.125ex) "Porsche Next", "Arial Narrow", Arial, "Heiti SC", SimHei,
    sans-serif;
  hyphens: auto;
  overflow-wrap: break-word;
}

@mixin pds-text-small {
  font: normal normal 400 1rem/calc(6px + 2.125ex) "Porsche Next", "Arial Narrow", Arial, "Heiti SC", SimHei,
    sans-serif;
  hyphens: auto;
  overflow-wrap: break-word;
}

@mixin pds-text-medium {
  font: normal normal 400 clamp(1.2rem, 0.12vw + 1.18rem, 1.31rem)/calc(6px + 2.125ex) "Porsche Next", "Arial Narrow",
    Arial, "Heiti SC", SimHei, sans-serif;
  hyphens: auto;
  overflow-wrap: break-word;
}

@mixin pds-text-large {
  font: normal normal 400 clamp(1.44rem, 0.3vw + 1.38rem, 1.71rem)/calc(6px + 2.125ex) "Porsche Next", "Arial Narrow",
    Arial, "Heiti SC", SimHei, sans-serif;
  hyphens: auto;
  overflow-wrap: break-word;
}

@mixin pds-text-x-large {
  font: normal normal 400 clamp(1.73rem, 0.57vw + 1.61rem, 2.24rem)/calc(6px + 2.125ex) "Porsche Next", "Arial Narrow",
    Arial, "Heiti SC", SimHei, sans-serif;
  hyphens: auto;
  overflow-wrap: break-word;
}
"
`;

exports[`should contain correct content for auto generated file ./src/scss/lib/_theme.scss 1`] = `
"$pds-theme-light-primary: #010205;
$pds-theme-light-background-base: #fff;
$pds-theme-light-background-surface: #eeeff2;
$pds-theme-light-contrast-low: #d8d8db;
$pds-theme-light-contrast-medium: #949598;
$pds-theme-light-contrast-high: #535457;
$pds-theme-light-notification-success: #32b85b;
$pds-theme-light-notification-success-soft: #ebfaf0;
$pds-theme-light-notification-warning: #fecc1b;
$pds-theme-light-notification-warning-soft: #fff9e6;
$pds-theme-light-notification-error: #e7323b;
$pds-theme-light-notification-error-soft: #fce8e9;
$pds-theme-light-notification-info: #1e5beb;
$pds-theme-light-notification-info-soft: #e8eefd;
$pds-theme-light-state-hover: #d8d8db;
$pds-theme-light-state-active: #d8d8db;
$pds-theme-light-state-focus: #0a0aff;
$pds-theme-light-state-disabled: #d8d8db;
$pds-theme-dark-primary: #fbfcff;
$pds-theme-dark-background-base: #0e0e12;
$pds-theme-dark-background-surface: #212225;
$pds-theme-dark-contrast-low: #404044;
$pds-theme-dark-contrast-medium: #7e7f82;
$pds-theme-dark-contrast-high: #afb0b3;
$pds-theme-dark-notification-success: #00c77e;
$pds-theme-dark-notification-success-soft: #003320;
$pds-theme-dark-notification-warning: #ddb84b;
$pds-theme-dark-notification-warning-soft: #2b2208;
$pds-theme-dark-notification-error: #cb3333;
$pds-theme-dark-notification-error-soft: #290a0a;
$pds-theme-dark-notification-info: #027ffc;
$pds-theme-dark-notification-info-soft: #001a33;
$pds-theme-dark-state-hover: #404044;
$pds-theme-dark-state-active: #404044;
$pds-theme-dark-state-focus: #0a0aff;
$pds-theme-dark-state-disabled: #404044;
"
`;
