// Jest Snapshot v1, https://goo.gl/fbAQLP

exports[`componentDidLoad should call Splide constructor with correct parameters and set this.splide 1`] = `
[
  undefined,
  {
    "arrows": false,
    "breakpoints": {
      "0": {
        "gap": "16px",
        "perPage": 1,
      },
      "1300": {
        "gap": "32px",
      },
      "760": {
        "gap": "32px",
      },
    },
    "i18n": {},
    "mediaQuery": "min",
    "padding": {
      "right": "clamp(3.5rem, 2.22vw + 3.06rem, 5.5rem)",
    },
    "pagination": false,
    "perMove": 1,
    "rewind": true,
    "rewindByDrag": true,
    "speed": 400,
  },
]
`;
