// Jest Snapshot v1, https://goo.gl/fbAQLP

exports[`getMinifiedPorscheNextFontFaceCss() should return correct css for opts: { cdn: 'cn' } 1`] = `"@font-face{font-family:Porsche Next;font-style:normal;font-weight:700;src:url('https://cdn.ui.porsche.cn/porsche-design-system/fonts/porsche-next-w-cy-bold.min.1f9d4ce7ba8d151c8c371ca105946330.woff2') format('woff2');unicode-range:U+0400-04FF;font-display:swap}@font-face{font-family:Porsche Next;font-style:normal;font-weight:400;src:url('https://cdn.ui.porsche.cn/porsche-design-system/fonts/porsche-next-w-cy-regular.min.521f76128d587fc30f9a8683e7075654.woff2') format('woff2');unicode-range:U+0400-04FF;font-display:swap}@font-face{font-family:Porsche Next;font-style:normal;font-weight:600;src:url('https://cdn.ui.porsche.cn/porsche-design-system/fonts/porsche-next-w-cy-semi-bold.min.c9c84da2e29ab986c3d9d9e664805e2a.woff2') format('woff2');unicode-range:U+0400-04FF;font-display:swap}@font-face{font-family:Porsche Next;font-style:normal;font-weight:700;src:url('https://cdn.ui.porsche.cn/porsche-design-system/fonts/porsche-next-w-gr-bold.min.4fd752331f433ac4991a05b612857110.woff2') format('woff2');unicode-range:U+0370-03FF;font-display:swap}@font-face{font-family:Porsche Next;font-style:normal;font-weight:400;src:url('https://cdn.ui.porsche.cn/porsche-design-system/fonts/porsche-next-w-gr-regular.min.80abee51bf7b9f9817762c30882d5611.woff2') format('woff2');unicode-range:U+0370-03FF;font-display:swap}@font-face{font-family:Porsche Next;font-style:normal;font-weight:600;src:url('https://cdn.ui.porsche.cn/porsche-design-system/fonts/porsche-next-w-gr-semi-bold.min.5634b60bad2a93a2d1c291312481cae8.woff2') format('woff2');unicode-range:U+0370-03FF;font-display:swap}@font-face{font-family:Porsche Next;font-style:normal;font-weight:700;src:url('https://cdn.ui.porsche.cn/porsche-design-system/fonts/porsche-next-w-la-bold.min.6b20b9525a53943efc0131a2def13eab.woff2') format('woff2');unicode-range:U+0020-007F,U+0080-00FF,U+0100-017F,U+0180-024F,U+0250-02AF,U+02B0-02FF,U+0300-036F,U+0E00-0E7F,U+1E00-1EFF,U+2000-206F,U+2070-209F,U+20A0-20CF,U+2100-214F,U+2150-218F,U+2190-21FF,U+2200-22FF,U+25A0-25FF,U+2600-26FF,U+FB00-FB4F,U+FE70-FEFF;font-display:swap}@font-face{font-family:Porsche Next;font-style:normal;font-weight:400;src:url('https://cdn.ui.porsche.cn/porsche-design-system/fonts/porsche-next-w-la-regular.min.bdaf41e62559316d30f99df258039d4e.woff2') format('woff2');unicode-range:U+0020-007F,U+0080-00FF,U+0100-017F,U+0180-024F,U+0250-02AF,U+02B0-02FF,U+0300-036F,U+0E00-0E7F,U+1E00-1EFF,U+2000-206F,U+2070-209F,U+20A0-20CF,U+2100-214F,U+2150-218F,U+2190-21FF,U+2200-22FF,U+25A0-25FF,U+2600-26FF,U+FB00-FB4F,U+FE70-FEFF;font-display:swap}@font-face{font-family:Porsche Next;font-style:normal;font-weight:600;src:url('https://cdn.ui.porsche.cn/porsche-design-system/fonts/porsche-next-w-la-semi-bold.min.c24c2ecdded2c1342dba0f1d561dde72.woff2') format('woff2');unicode-range:U+0020-007F,U+0080-00FF,U+0100-017F,U+0180-024F,U+0250-02AF,U+02B0-02FF,U+0300-036F,U+0E00-0E7F,U+1E00-1EFF,U+2000-206F,U+2070-209F,U+20A0-20CF,U+2100-214F,U+2150-218F,U+2190-21FF,U+2200-22FF,U+25A0-25FF,U+2600-26FF,U+FB00-FB4F,U+FE70-FEFF;font-display:swap}"`;

exports[`getMinifiedPorscheNextFontFaceCss() should return correct css for opts: { cdn: 'com' } 1`] = `"@font-face{font-family:Porsche Next;font-style:normal;font-weight:700;src:url('https://cdn.ui.porsche.com/porsche-design-system/fonts/porsche-next-w-cy-bold.min.1f9d4ce7ba8d151c8c371ca105946330.woff2') format('woff2');unicode-range:U+0400-04FF;font-display:swap}@font-face{font-family:Porsche Next;font-style:normal;font-weight:400;src:url('https://cdn.ui.porsche.com/porsche-design-system/fonts/porsche-next-w-cy-regular.min.521f76128d587fc30f9a8683e7075654.woff2') format('woff2');unicode-range:U+0400-04FF;font-display:swap}@font-face{font-family:Porsche Next;font-style:normal;font-weight:600;src:url('https://cdn.ui.porsche.com/porsche-design-system/fonts/porsche-next-w-cy-semi-bold.min.c9c84da2e29ab986c3d9d9e664805e2a.woff2') format('woff2');unicode-range:U+0400-04FF;font-display:swap}@font-face{font-family:Porsche Next;font-style:normal;font-weight:700;src:url('https://cdn.ui.porsche.com/porsche-design-system/fonts/porsche-next-w-gr-bold.min.4fd752331f433ac4991a05b612857110.woff2') format('woff2');unicode-range:U+0370-03FF;font-display:swap}@font-face{font-family:Porsche Next;font-style:normal;font-weight:400;src:url('https://cdn.ui.porsche.com/porsche-design-system/fonts/porsche-next-w-gr-regular.min.80abee51bf7b9f9817762c30882d5611.woff2') format('woff2');unicode-range:U+0370-03FF;font-display:swap}@font-face{font-family:Porsche Next;font-style:normal;font-weight:600;src:url('https://cdn.ui.porsche.com/porsche-design-system/fonts/porsche-next-w-gr-semi-bold.min.5634b60bad2a93a2d1c291312481cae8.woff2') format('woff2');unicode-range:U+0370-03FF;font-display:swap}@font-face{font-family:Porsche Next;font-style:normal;font-weight:700;src:url('https://cdn.ui.porsche.com/porsche-design-system/fonts/porsche-next-w-la-bold.min.6b20b9525a53943efc0131a2def13eab.woff2') format('woff2');unicode-range:U+0020-007F,U+0080-00FF,U+0100-017F,U+0180-024F,U+0250-02AF,U+02B0-02FF,U+0300-036F,U+0E00-0E7F,U+1E00-1EFF,U+2000-206F,U+2070-209F,U+20A0-20CF,U+2100-214F,U+2150-218F,U+2190-21FF,U+2200-22FF,U+25A0-25FF,U+2600-26FF,U+FB00-FB4F,U+FE70-FEFF;font-display:swap}@font-face{font-family:Porsche Next;font-style:normal;font-weight:400;src:url('https://cdn.ui.porsche.com/porsche-design-system/fonts/porsche-next-w-la-regular.min.bdaf41e62559316d30f99df258039d4e.woff2') format('woff2');unicode-range:U+0020-007F,U+0080-00FF,U+0100-017F,U+0180-024F,U+0250-02AF,U+02B0-02FF,U+0300-036F,U+0E00-0E7F,U+1E00-1EFF,U+2000-206F,U+2070-209F,U+20A0-20CF,U+2100-214F,U+2150-218F,U+2190-21FF,U+2200-22FF,U+25A0-25FF,U+2600-26FF,U+FB00-FB4F,U+FE70-FEFF;font-display:swap}@font-face{font-family:Porsche Next;font-style:normal;font-weight:600;src:url('https://cdn.ui.porsche.com/porsche-design-system/fonts/porsche-next-w-la-semi-bold.min.c24c2ecdded2c1342dba0f1d561dde72.woff2') format('woff2');unicode-range:U+0020-007F,U+0080-00FF,U+0100-017F,U+0180-024F,U+0250-02AF,U+02B0-02FF,U+0300-036F,U+0E00-0E7F,U+1E00-1EFF,U+2000-206F,U+2070-209F,U+20A0-20CF,U+2100-214F,U+2150-218F,U+2190-21FF,U+2200-22FF,U+25A0-25FF,U+2600-26FF,U+FB00-FB4F,U+FE70-FEFF;font-display:swap}"`;

exports[`getMinifiedPorscheNextFontFaceCss() should return correct css for opts: { cdn: 'localhost' } 1`] = `"@font-face{font-family:Porsche Next;font-style:normal;font-weight:700;src:url('http://localhost:3001/fonts/porsche-next-w-cy-bold.min.1f9d4ce7ba8d151c8c371ca105946330.woff2') format('woff2');unicode-range:U+0400-04FF;font-display:swap}@font-face{font-family:Porsche Next;font-style:normal;font-weight:400;src:url('http://localhost:3001/fonts/porsche-next-w-cy-regular.min.521f76128d587fc30f9a8683e7075654.woff2') format('woff2');unicode-range:U+0400-04FF;font-display:swap}@font-face{font-family:Porsche Next;font-style:normal;font-weight:600;src:url('http://localhost:3001/fonts/porsche-next-w-cy-semi-bold.min.c9c84da2e29ab986c3d9d9e664805e2a.woff2') format('woff2');unicode-range:U+0400-04FF;font-display:swap}@font-face{font-family:Porsche Next;font-style:normal;font-weight:700;src:url('http://localhost:3001/fonts/porsche-next-w-gr-bold.min.4fd752331f433ac4991a05b612857110.woff2') format('woff2');unicode-range:U+0370-03FF;font-display:swap}@font-face{font-family:Porsche Next;font-style:normal;font-weight:400;src:url('http://localhost:3001/fonts/porsche-next-w-gr-regular.min.80abee51bf7b9f9817762c30882d5611.woff2') format('woff2');unicode-range:U+0370-03FF;font-display:swap}@font-face{font-family:Porsche Next;font-style:normal;font-weight:600;src:url('http://localhost:3001/fonts/porsche-next-w-gr-semi-bold.min.5634b60bad2a93a2d1c291312481cae8.woff2') format('woff2');unicode-range:U+0370-03FF;font-display:swap}@font-face{font-family:Porsche Next;font-style:normal;font-weight:700;src:url('http://localhost:3001/fonts/porsche-next-w-la-bold.min.6b20b9525a53943efc0131a2def13eab.woff2') format('woff2');unicode-range:U+0020-007F,U+0080-00FF,U+0100-017F,U+0180-024F,U+0250-02AF,U+02B0-02FF,U+0300-036F,U+0E00-0E7F,U+1E00-1EFF,U+2000-206F,U+2070-209F,U+20A0-20CF,U+2100-214F,U+2150-218F,U+2190-21FF,U+2200-22FF,U+25A0-25FF,U+2600-26FF,U+FB00-FB4F,U+FE70-FEFF;font-display:swap}@font-face{font-family:Porsche Next;font-style:normal;font-weight:400;src:url('http://localhost:3001/fonts/porsche-next-w-la-regular.min.bdaf41e62559316d30f99df258039d4e.woff2') format('woff2');unicode-range:U+0020-007F,U+0080-00FF,U+0100-017F,U+0180-024F,U+0250-02AF,U+02B0-02FF,U+0300-036F,U+0E00-0E7F,U+1E00-1EFF,U+2000-206F,U+2070-209F,U+20A0-20CF,U+2100-214F,U+2150-218F,U+2190-21FF,U+2200-22FF,U+25A0-25FF,U+2600-26FF,U+FB00-FB4F,U+FE70-FEFF;font-display:swap}@font-face{font-family:Porsche Next;font-style:normal;font-weight:600;src:url('http://localhost:3001/fonts/porsche-next-w-la-semi-bold.min.c24c2ecdded2c1342dba0f1d561dde72.woff2') format('woff2');unicode-range:U+0020-007F,U+0080-00FF,U+0100-017F,U+0180-024F,U+0250-02AF,U+02B0-02FF,U+0300-036F,U+0E00-0E7F,U+1E00-1EFF,U+2000-206F,U+2070-209F,U+20A0-20CF,U+2100-214F,U+2150-218F,U+2190-21FF,U+2200-22FF,U+25A0-25FF,U+2600-26FF,U+FB00-FB4F,U+FE70-FEFF;font-display:swap}"`;

exports[`should contain correct values for cdnUrlMap 1`] = `
{
  "cn": "https://cdn.ui.porsche.cn/porsche-design-system/fonts",
  "com": "https://cdn.ui.porsche.com/porsche-design-system/fonts",
  "localhost": "http://localhost:3001/fonts",
}
`;

exports[`should contain correct values for unicodeRangeMap 1`] = `
{
  "cy": "U+0400-04FF",
  "gr": "U+0370-03FF",
  "la": "U+0020-007F, U+0080-00FF, U+0100-017F, U+0180-024F, U+0250-02AF, U+02B0-02FF, U+0300-036F, U+0E00-0E7F, U+1E00-1EFF, U+2000-206F, U+2070-209F, U+20A0-20CF, U+2100-214F, U+2150-218F, U+2190-21FF, U+2200-22FF, U+25A0-25FF, U+2600-26FF, U+FB00-FB4F, U+FE70-FEFF",
}
`;
