// Jest Snapshot v1, https://goo.gl/fbAQLP

exports[`should contain correct values for fontFamily 1`] = `"'Porsche Next','Arial Narrow',Arial,'Heiti SC',SimHei,sans-serif"`;

exports[`should contain correct values for fontHyphenation 1`] = `
{
  "hyphens": "auto",
  "overflowWrap": "break-word",
}
`;

exports[`should contain correct values for fontLineHeight 1`] = `"calc(6px + 2.125ex)"`;

exports[`should contain correct values for fontSize 1`] = `
{
  "fluid": {
    "displayLarge": "clamp(2.49rem, 5.67vw + 1.35rem, 7.59rem)",
    "displayMedium": "clamp(2.07rem, 3.32vw + 1.41rem, 5.06rem)",
    "headingLarge": "clamp(1.44rem, .3vw + 1.38rem, 1.71rem)",
    "headingMedium": "clamp(1.2rem, .12vw + 1.18rem, 1.31rem)",
    "headingSmall": "1rem",
    "headingXLarge": "clamp(1.73rem, .57vw + 1.61rem, 2.24rem)",
    "headingXXLarge": "clamp(2.07rem, .96vw + 1.88rem, 2.94rem)",
    "headingXXXLarge": "clamp(2.49rem, 1.51vw + 2.19rem, 3.84rem)",
    "textLarge": "clamp(1.44rem, .3vw + 1.38rem, 1.71rem)",
    "textMedium": "clamp(1.2rem, .12vw + 1.18rem, 1.31rem)",
    "textSmall": "1rem",
    "textXLarge": "clamp(1.73rem, .57vw + 1.61rem, 2.24rem)",
    "textXSmall": ".875rem",
  },
  "static": {
    "displayLarge": "5rem",
    "displayMedium": "4rem",
    "headingLarge": "1.5rem",
    "headingMedium": "1.25rem",
    "headingSmall": "1rem",
    "headingXLarge": "2.25rem",
    "headingXXLarge": "3rem",
    "headingXXXLarge": "4rem",
    "textLarge": "1.5rem",
    "textMedium": "1.25rem",
    "textSmall": "1rem",
    "textXLarge": "2.25rem",
    "textXSmall": ".875rem",
  },
}
`;

exports[`should contain correct values for fontStyle 1`] = `
{
  "italic": "italic",
  "normal": "normal",
}
`;

exports[`should contain correct values for fontVariant 1`] = `"normal"`;

exports[`should contain correct values for fontWeight 1`] = `
{
  "bold": 700,
  "regular": 400,
  "semiBold": 600,
}
`;
