// Jest Snapshot v1, https://goo.gl/fbAQLP

exports[`getThemedColors() should return correct colors for theme: dark 1`] = `
{
  "activeColor": "#7E7F82",
  "backgroundColor": "#0E0E12",
  "backgroundSurfaceColor": "#212225",
  "contrastHighColor": "#AFB0B3",
  "contrastHighColorDarken": "#909195",
  "contrastLowColor": "#404044",
  "contrastMediumColor": "#7E7F82",
  "disabledColor": "#7E7F82",
  "errorColor": "#CB3333",
  "errorColorDarken": "#9a2727",
  "errorSoftColor": "#290A0A",
  "focusColor": "#0A0AFF",
  "hoverColor": "rgba(144, 144, 153, 0.25)",
  "hoverColorDarken": "#71717b",
  "infoColor": "#027FFC",
  "infoSoftColor": "#001A33",
  "primaryColor": "#FBFCFF",
  "primaryColorDarken": "#beceff",
  "successColor": "#00C77E",
  "successColorDarken": "#008a57",
  "successSoftColor": "#003320",
  "warningColor": "#DDB84B",
  "warningSoftColor": "#2B2208",
}
`;

exports[`getThemedColors() should return correct colors for theme: light 1`] = `
{
  "activeColor": "#949598",
  "backgroundColor": "#FFF",
  "backgroundSurfaceColor": "#EEEFF2",
  "contrastHighColor": "#535457",
  "contrastHighColorDarken": "#353638",
  "contrastLowColor": "#D8D8DB",
  "contrastMediumColor": "#949598",
  "disabledColor": "#949598",
  "errorColor": "#E7323B",
  "errorColorDarken": "#c51720",
  "errorSoftColor": "#FCE8E9",
  "focusColor": "#0A0AFF",
  "hoverColor": "rgba(83, 83, 83, 0.25)",
  "hoverColorDarken": "#343434",
  "infoColor": "#1E5BEB",
  "infoSoftColor": "#E8EEFD",
  "primaryColor": "#010205",
  "primaryColorDarken": "#000000",
  "successColor": "#32B85B",
  "successColorDarken": "#258843",
  "successSoftColor": "#EBFAF0",
  "warningColor": "#FECC1B",
  "warningSoftColor": "#FFF9E6",
}
`;
