// Jest Snapshot v1, https://goo.gl/fbAQLP

exports[`should have only high contrast styles for p-button 1`] = `
[
  {
    "border-color": "Highlight",
  },
]
`;

exports[`should have only high contrast styles for p-carousel 1`] = `
[
  {
    "background": "CanvasText",
  },
]
`;

exports[`should have only high contrast styles for p-divider 1`] = `
[
  {
    "background": "CanvasText",
  },
]
`;

exports[`should have only high contrast styles for p-link 1`] = `
[
  {
    "border-color": "Highlight",
  },
]
`;

exports[`should have only high contrast styles for p-link-social 1`] = `
[
  {
    "border-color": "Highlight",
  },
]
`;

exports[`should have only high contrast styles for p-popover 1`] = `
[
  {
    "border-color": "Highlight",
  },
]
`;

exports[`should have only high contrast styles for p-scroller 1`] = `
[
  {
    "border-color": "Highlight",
  },
]
`;

exports[`should have only high contrast styles for p-segmented-control-item 1`] = `
[
  {
    "border-color": "Highlight",
  },
]
`;

exports[`should have only high contrast styles for p-spinner 1`] = `
[
  {
    "stroke": "Canvas",
  },
  {
    "stroke": "CanvasText",
  },
]
`;

exports[`should have only high contrast styles for p-switch 1`] = `
[
  {
    "background-color": "CanvasText",
  },
]
`;

exports[`should have only high contrast styles for p-tabs-bar 1`] = `
[
  {
    "background": "CanvasText",
  },
]
`;

exports[`should have only high contrast styles for p-wordmark 1`] = `
[
  {
    "fill": "CanvasText",
  },
]
`;
