// Jest Snapshot v1, https://goo.gl/fbAQLP

exports[`getComponentCss() should return correct css: %s 1`] = `
":host {
  display: inline-block !important;
  vertical-align: top !important;
  outline: 0 !important;
}
:host([hidden]) {
  display: none !important;
}"
`;
